// Jest Snapshot v1, https://goo.gl/fbAQLP

exports[`AppComponent gives proper change. 1`] = `
Object {
  "dimes": 2,
  "nickels": 0,
  "pennies": 5,
  "quarters": 7,
}
`;

exports[`AppComponent gives proper change. 2`] = `
Object {
  "dimes": 0,
  "nickels": 0,
  "pennies": 1,
  "quarters": 11,
}
`;

exports[`AppComponent gives proper change. 3`] = `
Object {
  "dimes": 2,
  "nickels": 0,
  "pennies": 5,
  "quarters": 0,
}
`;

exports[`AppComponent makes simple dynamic fields deterministic 1`] = `
Object {
  "primaryKey": 0,
  "singleValue": Object {
    "levelOne": Object {
      "arr": Array [
        "badger",
        "badger",
        "mushroom",
        3,
      ],
    },
  },
  "staticProp": "Hi there",
  "wholeArray": Array [
    1,
    2,
  ],
}
`;

exports[`AppComponent makes simple dynamic fields deterministic 2`] = `
Object {
  "foreignKey": 0,
}
`;

exports[`AppComponent should match snapshots 1`] = `
<app-root
  songs={[Function Array]}
  term={[Function Number]}
  title={[Function String]}
>
  <div
    style="text-align:center"
  >
    <h1>
      Welcome to app!
    </h1>
    <img
      src="data:image/svg+xml;base64,PD94bWwgdmVyc2lvbj0iMS4wIiBlbmNvZGluZz0idXRmLTgiPz4NCjwhLS0gR2VuZXJhdG9yOiBBZG9iZSBJbGx1c3RyYXRvciAxOS4xLjAsIFNWRyBFeHBvcnQgUGx1Zy1JbiAuIFNWRyBWZXJzaW9uOiA2LjAwIEJ1aWxkIDApICAtLT4NCjxzdmcgdmVyc2lvbj0iMS4xIiBpZD0iTGF5ZXJfMSIgeG1sbnM9Imh0dHA6Ly93d3cudzMub3JnLzIwMDAvc3ZnIiB4bWxuczp4bGluaz0iaHR0cDovL3d3dy53My5vcmcvMTk5OS94bGluayIgeD0iMHB4IiB5PSIwcHgiDQoJIHZpZXdCb3g9IjAgMCAyNTAgMjUwIiBzdHlsZT0iZW5hYmxlLWJhY2tncm91bmQ6bmV3IDAgMCAyNTAgMjUwOyIgeG1sOnNwYWNlPSJwcmVzZXJ2ZSI+DQo8c3R5bGUgdHlwZT0idGV4dC9jc3MiPg0KCS5zdDB7ZmlsbDojREQwMDMxO30NCgkuc3Qxe2ZpbGw6I0MzMDAyRjt9DQoJLnN0MntmaWxsOiNGRkZGRkY7fQ0KPC9zdHlsZT4NCjxnPg0KCTxwb2x5Z29uIGNsYXNzPSJzdDAiIHBvaW50cz0iMTI1LDMwIDEyNSwzMCAxMjUsMzAgMzEuOSw2My4yIDQ2LjEsMTg2LjMgMTI1LDIzMCAxMjUsMjMwIDEyNSwyMzAgMjAzLjksMTg2LjMgMjE4LjEsNjMuMiAJIi8+DQoJPHBvbHlnb24gY2xhc3M9InN0MSIgcG9pbnRzPSIxMjUsMzAgMTI1LDUyLjIgMTI1LDUyLjEgMTI1LDE1My40IDEyNSwxNTMuNCAxMjUsMjMwIDEyNSwyMzAgMjAzLjksMTg2LjMgMjE4LjEsNjMuMiAxMjUsMzAgCSIvPg0KCTxwYXRoIGNsYXNzPSJzdDIiIGQ9Ik0xMjUsNTIuMUw2Ni44LDE4Mi42aDBoMjEuN2gwbDExLjctMjkuMmg0OS40bDExLjcsMjkuMmgwaDIxLjdoMEwxMjUsNTIuMUwxMjUsNTIuMUwxMjUsNTIuMUwxMjUsNTIuMQ0KCQlMMTI1LDUyLjF6IE0xNDIsMTM1LjRIMTA4bDE3LTQwLjlMMTQyLDEzNS40eiIvPg0KPC9nPg0KPC9zdmc+DQo="
      width="100"
    />
  </div><div
    style="margin: 0 auto;width: 600px;"
  >
    <div>
      test Me now !!
    </div>
    <input
      name="term"
      ng-reflect-name="term"
      ng-reflect-model="5"
      class="ng-untouched ng-pristine ng-valid"
    />
    <table>
      <tbody>
        <tr>
          <td>
            Song 5
          </td>
          <td>
            50
          </td>
        </tr>
      </tbody>
    </table>
  </div>
</app-root>
`;
